// Jest Snapshot v1, https://goo.gl/fbAQLP

exports[`GifsGrid se renderiza 1`] = `
<div
  className="card animate__animated animate__fadeIn"
>
  <img />
  <p />
</div>
`;
